<html>
<body>
<pre>
<h1>µVision Build Log</h1>
<h2>Project:</h2>
C:\Keil\ARM\Device\Nordic\nrf51822\Board\pca10000\Reader\arm\led_radio_example_tx.uvproj
Project File Date:  06/09/2014

<h2>Output:</h2>
Build target 'nrf51822_xxaa (256K)'
Clean started - Project: 'led_radio_example_tx'
   deleting intermediate output files for target 'nrf51822_xxaa (256K)'
compiling main_tx.c...
..\radio_config.h(18): warning:  #1295-D: Deprecated declaration radio_configure - give arg types
  void radio_configure();
..\main_tx.c(87): warning:  #223-D: function "sprintf" declared implicitly
                        sprintf(id_str,"%02X%02X%02X%02X\\",packet[0],packet[1],packet[2],packet[3]);
..\main_tx.c: 2 warnings, 0 errors
compiling radio_config.c...
..\radio_config.h(18): warning:  #1295-D: Deprecated declaration radio_configure - give arg types
  void radio_configure();
..\radio_config.c: 1 warning, 0 errors
assembling startup_arm_nrf51.s...
compiling system_nrf51.c...
compiling simple_uart.c...
compiling nrf_delay.c...
linking...
Program Size: Code=2352 RO-data=208 RW-data=4 ZI-data=2148  
".\_build\led_radio_tx_example.axf" - 0 Error(s), 3 Warning(s).

*** Performing Cross-Module-Optimization:
compiling main_tx.c...
..\radio_config.h(18): warning:  #1295-D: Deprecated declaration radio_configure - give arg types
  void radio_configure();
..\main_tx.c(87): warning:  #223-D: function "sprintf" declared implicitly
                        sprintf(id_str,"%02X%02X%02X%02X\\",packet[0],packet[1],packet[2],packet[3]);
..\main_tx.c: 2 warnings, 0 errors
compiling radio_config.c...
..\radio_config.h(18): warning:  #1295-D: Deprecated declaration radio_configure - give arg types
  void radio_configure();
..\radio_config.c: 1 warning, 0 errors
compiling system_nrf51.c...
compiling simple_uart.c...
compiling nrf_delay.c...
linking...
Program Size: Code=2352 RO-data=208 RW-data=4 ZI-data=2148  
FromELF: creating hex file...
".\_build\led_radio_tx_example.axf" - 0 Error(s), 3 Warning(s).
*** Completed Cross-Module-Optimization after 2 iteration(s).
Load "C:\\Keil\\ARM\\Device\\Nordic\\nrf51822\\Board\\pca10000\\Reader\\arm\\_build\\led_radio_tx_example.axf" 
Set JLink Project File to "C:\Keil\ARM\Device\Nordic\nrf51822\Board\pca10000\Reader\arm\JLinkSettings.ini"
* JLink Info: Device "NRF51822_XXAA" selected (257 KB flash, 16 KB RAM).
 
JLink info:
------------
DLL: V4.80g, compiled Feb 13 2014 20:50:02
Firmware: J-Link OB-SAM3U128 V1 compiled Dec 11 2013 20:20:11
Hardware: V1.00
S/N : 480105080 
 
* JLink Info: Found SWD-DP with ID 0x0BB11477
* JLink Info: Found Cortex-M0 r0p0, Little endian.
* JLink Info: FPUnit: 4 code (BP) slots and 0 literal slots
ROMTableAddr = 0xE00FF003
 
Target info:
------------
Device: nRF51822_xxAA
VTarget = 3.300V
State of Pins: 
TCK: 0, TDI: 0, TDO: 1, TMS: 1, TRES: 1, TRST: 1
Hardware-Breakpoints: 4
Software-Breakpoints: 8192
Watchpoints:          2
JTAG speed: 2000 kHz
 
Full Chip Erase Done.
Programming Done.
Verify OK.
Application running ...
Load "C:\\Keil\\ARM\\Device\\Nordic\\nrf51822\\Board\\pca10000\\Reader\\arm\\_build\\led_radio_tx_example.axf" 
Set JLink Project File to "C:\Keil\ARM\Device\Nordic\nrf51822\Board\pca10000\Reader\arm\JLinkSettings.ini"
* JLink Info: Device "NRF51822_XXAA" selected (257 KB flash, 16 KB RAM).
 
JLink info:
------------
DLL: V4.80g, compiled Feb 13 2014 20:50:02
Firmware: J-Link OB-SAM3U128 V1 compiled Dec 11 2013 20:20:11
Hardware: V1.00
S/N : 480105080 
 
* JLink Info: Found SWD-DP with ID 0x0BB11477
* JLink Info: Found Cortex-M0 r0p0, Little endian.
* JLink Info: FPUnit: 4 code (BP) slots and 0 literal slots
ROMTableAddr = 0xE00FF003
 
Target info:
------------
Device: nRF51822_xxAA
VTarget = 3.300V
State of Pins: 
TCK: 0, TDI: 0, TDO: 1, TMS: 1, TRES: 1, TRST: 1
Hardware-Breakpoints: 4
Software-Breakpoints: 8192
Watchpoints:          2
JTAG speed: 2000 kHz
 
Full Chip Erase Done.
Programming Done.
Verify OK.
Application running ...
Load "C:\\Keil\\ARM\\Device\\Nordic\\nrf51822\\Board\\pca10000\\Reader\\arm\\_build\\led_radio_tx_example.axf" 
Set JLink Project File to "C:\Keil\ARM\Device\Nordic\nrf51822\Board\pca10000\Reader\arm\JLinkSettings.ini"
* JLink Info: Device "NRF51822_XXAA" selected (257 KB flash, 16 KB RAM).
 
JLink info:
------------
DLL: V4.80g, compiled Feb 13 2014 20:50:02
Firmware: J-Link OB-SAM3U128 V1 compiled Dec 11 2013 20:20:11
Hardware: V1.00
S/N : 480105080 
 
* JLink Info: Found SWD-DP with ID 0x0BB11477
* JLink Info: Found Cortex-M0 r0p0, Little endian.
* JLink Info: FPUnit: 4 code (BP) slots and 0 literal slots
ROMTableAddr = 0xE00FF003
 
Target info:
------------
Device: nRF51822_xxAA
VTarget = 3.300V
State of Pins: 
TCK: 0, TDI: 0, TDO: 1, TMS: 1, TRES: 1, TRST: 1
Hardware-Breakpoints: 4
Software-Breakpoints: 8192
Watchpoints:          2
JTAG speed: 2000 kHz
 
Full Chip Erase Done.
Programming Done.
Verify OK.
Application running ...
</pre>
</body>
</html>
